---
http_interactions:
- request:
    method: post
    uri: https://api:<APIKEY>@api.mailgun.net/v3/domains/DOMAIN.TEST/webhooks
    body:
      encoding: US-ASCII
      string: id=bounce&url=http%3A%2F%2Fexample.com%2Fmailgun%2Fevents%2Fbounce
    headers:
      Accept:
      - "*/*; q=0.5, application/xml"
      Accept-Encoding:
      - gzip, deflate
      Content-Length:
      - '66'
      Content-Type:
      - application/x-www-form-urlencoded
      User-Agent:
      - Ruby
  response:
    status:
      code: 200
      message: OK
    headers:
      Server:
      - nginx
      Date:
      - Fri, 08 Jan 2016 19:05:55 GMT
      Content-Type:
      - application/json
      Content-Length:
      - '117'
      Connection:
      - keep-alive
      Content-Disposition:
      - inline
      Access-Control-Allow-Origin:
      - "*"
      - "*"
      Access-Control-Max-Age:
      - '600'
      - '600'
      Access-Control-Allow-Methods:
      - GET, POST, PUT, DELETE, OPTIONS
      - GET, POST, PUT, DELETE, OPTIONS
      Access-Control-Allow-Headers:
      - Content-Type, x-requested-with
      - Content-Type, x-requested-with
    body:
      encoding: UTF-8
      string: |-
        {
          "message": "Webhook has been created",
          "webhook": {
            "url": "http://example.com/mailgun/events/bounce"
          }
        }
    http_version: 
  recorded_at: Fri, 08 Jan 2016 19:05:55 GMT
- request:
    method: get
    uri: https://api:<APIKEY>@api.mailgun.net/v3/domains/DOMAIN.TEST/webhooks/bounce
    body:
      encoding: US-ASCII
      string: ''
    headers:
      Accept:
      - "*/*"
      Accept-Encoding:
      - gzip, deflate
      User-Agent:
      - Ruby
  response:
    status:
      code: 200
      message: OK
    headers:
      Server:
      - nginx
      Date:
      - Fri, 08 Jan 2016 19:05:55 GMT
      Content-Type:
      - application/json
      Content-Length:
      - '76'
      Connection:
      - keep-alive
      Content-Disposition:
      - inline
      Access-Control-Allow-Origin:
      - "*"
      - "*"
      Access-Control-Max-Age:
      - '600'
      - '600'
      Access-Control-Allow-Methods:
      - GET, POST, PUT, DELETE, OPTIONS
      - GET, POST, PUT, DELETE, OPTIONS
      Access-Control-Allow-Headers:
      - Content-Type, x-requested-with
      - Content-Type, x-requested-with
    body:
      encoding: UTF-8
      string: |-
        {
          "webhook": {
            "url": "http://example.com/mailgun/events/bounce"
          }
        }
    http_version: 
  recorded_at: Fri, 08 Jan 2016 19:05:56 GMT
- request:
    method: get
    uri: https://api:<APIKEY>@api.mailgun.net/v3/domains/DOMAIN.TEST/webhooks
    body:
      encoding: US-ASCII
      string: ''
    headers:
      Accept:
      - "*/*"
      Accept-Encoding:
      - gzip, deflate
      User-Agent:
      - Ruby
  response:
    status:
      code: 200
      message: OK
    headers:
      Server:
      - nginx
      Date:
      - Fri, 08 Jan 2016 19:05:56 GMT
      Content-Type:
      - application/json
      Content-Length:
      - '101'
      Connection:
      - keep-alive
      Content-Disposition:
      - inline
      Access-Control-Allow-Origin:
      - "*"
      - "*"
      Access-Control-Max-Age:
      - '600'
      - '600'
      Access-Control-Allow-Methods:
      - GET, POST, PUT, DELETE, OPTIONS
      - GET, POST, PUT, DELETE, OPTIONS
      Access-Control-Allow-Headers:
      - Content-Type, x-requested-with
      - Content-Type, x-requested-with
    body:
      encoding: UTF-8
      string: |-
        {
          "webhooks": {
            "bounce": {
              "url": "http://example.com/mailgun/events/bounce"
            }
          }
        }
    http_version: 
  recorded_at: Fri, 08 Jan 2016 19:05:56 GMT
- request:
    method: put
    uri: https://api:<APIKEY>@api.mailgun.net/v3/domains/DOMAIN.TEST/webhooks/bounce
    body:
      encoding: US-ASCII
      string: id=bounce&url=http%3A%2F%2Fexample.com%2Fmailgun%2Fevents%2Fbounceup
    headers:
      Accept:
      - "*/*; q=0.5, application/xml"
      Accept-Encoding:
      - gzip, deflate
      Content-Length:
      - '70'
      Content-Type:
      - application/x-www-form-urlencoded
      User-Agent:
      - Ruby
  response:
    status:
      code: 200
      message: OK
    headers:
      Server:
      - nginx
      Date:
      - Fri, 08 Jan 2016 19:05:56 GMT
      Content-Type:
      - application/json
      Content-Length:
      - '121'
      Connection:
      - keep-alive
      Content-Disposition:
      - inline
      Access-Control-Allow-Origin:
      - "*"
      - "*"
      Access-Control-Max-Age:
      - '600'
      - '600'
      Access-Control-Allow-Methods:
      - GET, POST, PUT, DELETE, OPTIONS
      - GET, POST, PUT, DELETE, OPTIONS
      Access-Control-Allow-Headers:
      - Content-Type, x-requested-with
      - Content-Type, x-requested-with
    body:
      encoding: UTF-8
      string: |-
        {
          "message": "Webhook has been updated",
          "webhook": {
            "url": "http://example.com/mailgun/events/bounceup"
          }
        }
    http_version: 
  recorded_at: Fri, 08 Jan 2016 19:05:56 GMT
- request:
    method: delete
    uri: https://api:<APIKEY>@api.mailgun.net/v3/domains/DOMAIN.TEST/webhooks/bounce
    body:
      encoding: US-ASCII
      string: ''
    headers:
      Accept:
      - "*/*; q=0.5, application/xml"
      Accept-Encoding:
      - gzip, deflate
      User-Agent:
      - Ruby
  response:
    status:
      code: 200
      message: OK
    headers:
      Server:
      - nginx
      Date:
      - Fri, 08 Jan 2016 19:05:56 GMT
      Content-Type:
      - application/json
      Content-Length:
      - '121'
      Connection:
      - keep-alive
      Content-Disposition:
      - inline
      Access-Control-Allow-Origin:
      - "*"
      - "*"
      Access-Control-Max-Age:
      - '600'
      - '600'
      Access-Control-Allow-Methods:
      - GET, POST, PUT, DELETE, OPTIONS
      - GET, POST, PUT, DELETE, OPTIONS
      Access-Control-Allow-Headers:
      - Content-Type, x-requested-with
      - Content-Type, x-requested-with
    body:
      encoding: UTF-8
      string: |-
        {
          "message": "Webhook has been deleted",
          "webhook": {
            "url": "http://example.com/mailgun/events/bounceup"
          }
        }
    http_version: 
  recorded_at: Fri, 08 Jan 2016 19:05:57 GMT
- request:
    method: post
    uri: https://api.mailgun.net/v3/domains/DOMAIN.TEST/webhooks
    body:
      encoding: UTF-8
      string: id=bounce&url=http%3A%2F%2Fexample.com%2Fmailgun%2Fevents%2Fbounce
    headers:
      Accept:
      - "*/*"
      Accept-Encoding:
      - gzip, deflate
      User-Agent:
      - rest-client/2.0.2 (darwin18.7.0 x86_64) ruby/2.5.7p206
      Content-Length:
      - '66'
      Content-Type:
      - application/x-www-form-urlencoded
      Host:
      - api.mailgun.net
      Authorization:
      - Basic YXBpOmtleS0xeGZvZGs4YzB3bTRlcHUyeTQ3b2E0d2JjZjQyNDBnOQ==
  response:
    status:
      code: 200
      message: OK
    headers:
      Access-Control-Allow-Headers:
      - Content-Type, x-requested-with
      Access-Control-Allow-Methods:
      - GET, POST, PUT, DELETE, OPTIONS
      Access-Control-Allow-Origin:
      - "*"
      Access-Control-Max-Age:
      - '600'
      Content-Disposition:
      - inline
      Content-Type:
      - application/json
      Date:
      - Mon, 03 Feb 2020 19:51:21 GMT
      Server:
      - nginx
      Strict-Transport-Security:
      - max-age=63072000; includeSubDomains
      Content-Length:
      - '117'
      Connection:
      - keep-alive
    body:
      encoding: UTF-8
      string: |-
        {
          "message": "Webhook has been created",
          "webhook": {
            "url": "http://example.com/mailgun/events/bounce"
          }
        }
    http_version: 
  recorded_at: Mon, 03 Feb 2020 19:51:21 GMT
- request:
    method: get
    uri: https://api.mailgun.net/v3/domains/DOMAIN.TEST/webhooks/bounce
    body:
      encoding: US-ASCII
      string: ''
    headers:
      Accept:
      - "*/*"
      Accept-Encoding:
      - gzip, deflate
      User-Agent:
      - rest-client/2.0.2 (darwin18.7.0 x86_64) ruby/2.5.7p206
      Host:
      - api.mailgun.net
      Authorization:
      - Basic YXBpOmtleS0xeGZvZGs4YzB3bTRlcHUyeTQ3b2E0d2JjZjQyNDBnOQ==
  response:
    status:
      code: 200
      message: OK
    headers:
      Access-Control-Allow-Headers:
      - Content-Type, x-requested-with
      Access-Control-Allow-Methods:
      - GET, POST, PUT, DELETE, OPTIONS
      Access-Control-Allow-Origin:
      - "*"
      Access-Control-Max-Age:
      - '600'
      Content-Disposition:
      - inline
      Content-Type:
      - application/json
      Date:
      - Mon, 03 Feb 2020 19:51:21 GMT
      Server:
      - nginx
      Strict-Transport-Security:
      - max-age=63072000; includeSubDomains
      Content-Length:
      - '76'
      Connection:
      - keep-alive
    body:
      encoding: UTF-8
      string: |-
        {
          "webhook": {
            "url": "http://example.com/mailgun/events/bounce"
          }
        }
    http_version: 
  recorded_at: Mon, 03 Feb 2020 19:51:21 GMT
- request:
    method: get
    uri: https://api.mailgun.net/v3/domains/DOMAIN.TEST/webhooks
    body:
      encoding: US-ASCII
      string: ''
    headers:
      Accept:
      - "*/*"
      Accept-Encoding:
      - gzip, deflate
      User-Agent:
      - rest-client/2.0.2 (darwin18.7.0 x86_64) ruby/2.5.7p206
      Host:
      - api.mailgun.net
      Authorization:
      - Basic YXBpOmtleS0xeGZvZGs4YzB3bTRlcHUyeTQ3b2E0d2JjZjQyNDBnOQ==
  response:
    status:
      code: 200
      message: OK
    headers:
      Access-Control-Allow-Headers:
      - Content-Type, x-requested-with
      Access-Control-Allow-Methods:
      - GET, POST, PUT, DELETE, OPTIONS
      Access-Control-Allow-Origin:
      - "*"
      Access-Control-Max-Age:
      - '600'
      Content-Disposition:
      - inline
      Content-Type:
      - application/json
      Date:
      - Mon, 03 Feb 2020 19:51:21 GMT
      Server:
      - nginx
      Strict-Transport-Security:
      - max-age=63072000; includeSubDomains
      Content-Length:
      - '101'
      Connection:
      - keep-alive
    body:
      encoding: UTF-8
      string: |-
        {
          "webhooks": {
            "bounce": {
              "url": "http://example.com/mailgun/events/bounce"
            }
          }
        }
    http_version: 
  recorded_at: Mon, 03 Feb 2020 19:51:21 GMT
- request:
    method: put
    uri: https://api.mailgun.net/v3/domains/DOMAIN.TEST/webhooks/bounce
    body:
      encoding: UTF-8
      string: id=bounce&url=http%3A%2F%2Fexample.com%2Fmailgun%2Fevents%2Fbounceup
    headers:
      Accept:
      - "*/*"
      Accept-Encoding:
      - gzip, deflate
      User-Agent:
      - rest-client/2.0.2 (darwin18.7.0 x86_64) ruby/2.5.7p206
      Content-Length:
      - '68'
      Content-Type:
      - application/x-www-form-urlencoded
      Host:
      - api.mailgun.net
      Authorization:
      - Basic YXBpOmtleS0xeGZvZGs4YzB3bTRlcHUyeTQ3b2E0d2JjZjQyNDBnOQ==
  response:
    status:
      code: 200
      message: OK
    headers:
      Access-Control-Allow-Headers:
      - Content-Type, x-requested-with
      Access-Control-Allow-Methods:
      - GET, POST, PUT, DELETE, OPTIONS
      Access-Control-Allow-Origin:
      - "*"
      Access-Control-Max-Age:
      - '600'
      Content-Disposition:
      - inline
      Content-Type:
      - application/json
      Date:
      - Mon, 03 Feb 2020 19:51:21 GMT
      Server:
      - nginx
      Strict-Transport-Security:
      - max-age=63072000; includeSubDomains
      Content-Length:
      - '119'
      Connection:
      - keep-alive
    body:
      encoding: UTF-8
      string: |-
        {
          "message": "Webhook has been updated",
          "webhook": {
            "url": "http://example.com/mailgun/events/bounceup"
          }
        }
    http_version: 
  recorded_at: Mon, 03 Feb 2020 19:51:21 GMT
- request:
    method: delete
    uri: https://api.mailgun.net/v3/domains/DOMAIN.TEST/webhooks/bounce
    body:
      encoding: US-ASCII
      string: ''
    headers:
      Accept:
      - "*/*"
      Accept-Encoding:
      - gzip, deflate
      User-Agent:
      - rest-client/2.0.2 (darwin18.7.0 x86_64) ruby/2.5.7p206
      Host:
      - api.mailgun.net
      Authorization:
      - Basic YXBpOmtleS0xeGZvZGs4YzB3bTRlcHUyeTQ3b2E0d2JjZjQyNDBnOQ==
  response:
    status:
      code: 200
      message: OK
    headers:
      Access-Control-Allow-Headers:
      - Content-Type, x-requested-with
      Access-Control-Allow-Methods:
      - GET, POST, PUT, DELETE, OPTIONS
      Access-Control-Allow-Origin:
      - "*"
      Access-Control-Max-Age:
      - '600'
      Content-Disposition:
      - inline
      Content-Type:
      - application/json
      Date:
      - Mon, 03 Feb 2020 19:51:22 GMT
      Server:
      - nginx
      Strict-Transport-Security:
      - max-age=63072000; includeSubDomains
      Content-Length:
      - '119'
      Connection:
      - keep-alive
    body:
      encoding: UTF-8
      string: |-
        {
          "message": "Webhook has been deleted",
          "webhook": {
            "url": "http://example.com/mailgun/events/bounceup"
          }
        }
    http_version: 
  recorded_at: Mon, 03 Feb 2020 19:51:22 GMT
recorded_with: VCR 3.0.3
